frontend/features/content/components/EditorPage.tsx: "Lỗi biên dịch: "
frontend/features/compilation/components/Editor.tsx: "Lỗi dịch thuật: "
frontend/features/compilation/components/StandardEditor.tsx: "Lỗi khi tự động lưu nội dung: "
backend/drm/src/api/license.py: f"Lỗi hệ thống nội bộ: {e}"
backend/drm/src/services/watermark.py: f"Lỗi tạo khóa bảo mật tài liệu: {e}"
backend/drm/src/services/watermark.py: f"Lỗi mã hóa tài liệu: {e}"
backend/collection/src/services/ingestion.py: f"Lỗi đưa quá trình thu thập dữ liệu vào hàng đợi: {e}"
backend/collection/src/services/ingestion.py: f"Lỗi gửi lệnh tạm dừng cho tiến trình nền: {e}"
backend/agentic_ai/src/tools/interface.py: f"Lỗi tải tài liệu: {e}"
backend/agentic_ai/src/tools/interface.py: f"Lỗi tải tài liệu: {e}"
backend/agentic_ai/src/tools/interface.py: f"Lỗi tải tài liệu: {e}"
backend/agentic_ai/src/rag/conversion.py: f"Lỗi phân tích cú pháp tài liệu: {e}"
backend/agentic_ai/src/harness/evaluation.py: f"Lỗi khởi tạo máy khách đánh giá: {e}"
backend/agentic_ai/src/api/feedback.py: f"Lỗi lưu phản hồi, vui lòng thử lại sau: {e}"
backend/content/src/api/reading.py: f"Lỗi phân giải tên miền: {e}"
backend/content/src/api/reading.py: f"Lỗi tải cấu trúc thư mục: {e}"
backend/content/src/api/reading.py: f"Lỗi xử lý tệp nén: {e}"
backend/content/src/services/publication.py: f"Lỗi phân tích ngôn ngữ do định dạng không xác định: {e}"
backend/cloud/src/services/upload.py: f"Lỗi truyền tệp hình ảnh vào bộ nhớ vĩnh viễn: {e}"
backend/cloud/src/services/upload.py: f"Lỗi lưu trữ, không thể tải lên tài liệu: {e}"
backend/cloud/src/services/upload.py: f"Lỗi tạo liên kết truy cập bảo mật: {e}"
backend/finance/src/services/deposit.py: f"Lỗi kết nối cổng thanh toán: {e}"
backend/finance/src/services/deposit.py: f"Lỗi xác minh giao dịch: {e}"
backend/finance/src/services/purchase.py: f"Lỗi nâng cấp gói thành viên, vui lòng thử lại sau: {e}"
backend/finance/src/services/purchase.py: f"Lỗi xử lý giao dịch tài chính: {e}"
backend/finance/src/services/purchase.py: f"Lỗi xử lý hoàn tiền: {e}"
backend/compilation/src/api/editorjs.py: f"Lỗi biên dịch tài liệu: {e}"
backend/compilation/src/api/latex.py: f"Lỗi biên dịch do cú pháp không hợp lệ: {e}"
backend/compilation/src/api/latex.py: f"Lỗi xuất tài liệu: {e}"
backend/compilation/src/services/composition.py: f"Lỗi xuất tài liệu: {e}"
backend/compilation/src/services/composition.py: f"Lỗi biên dịch tài liệu: {e}"
backend/compilation/src/services/composition.py: f"Lỗi đồng bộ hóa dữ liệu: {e}"
backend/authentication/src/services/google.py: f"Lỗi kết nối quản lý người dùng: {e}"
backend/authentication/src/services/passkey.py: f"Lỗi xác minh mã bảo mật: {e}"
backend/authentication/src/services/passkey.py: f"Lỗi xác minh mã bảo mật: {e}"
backend/authentication/src/services/email.py: f"Lỗi kết nối máy chủ gửi email: {e}"
